current directory: /Users/digas/Documents/SmartHome/HaCasa/docs/vendor/bundle/ruby/3.3.0/gems/json-2.9.1/ext/json/ext/parser
/opt/homebrew/opt/ruby@3.3/bin/ruby extconf.rb
checking for rb_enc_interned_str() in ruby.h... yes
checking for rb_hash_new_capa() in ruby.h... yes
checking for rb_hash_bulk_insert() in ruby.h... yes
checking for rb_category_warn() in ruby.h... yes
checking for strnlen() in string.h... yes
checking for whether -std=c99 is accepted as CFLAGS... yes
creating Makefile

current directory: /Users/digas/Documents/SmartHome/HaCasa/docs/vendor/bundle/ruby/3.3.0/gems/json-2.9.1/ext/json/ext/parser
make DESTDIR\= sitearchdir\=./.gem.20260211-68482-mzdrsu sitelibdir\=./.gem.20260211-68482-mzdrsu clean

current directory: /Users/digas/Documents/SmartHome/HaCasa/docs/vendor/bundle/ruby/3.3.0/gems/json-2.9.1/ext/json/ext/parser
make DESTDIR\= sitearchdir\=./.gem.20260211-68482-mzdrsu sitelibdir\=./.gem.20260211-68482-mzdrsu
compiling parser.c
linking shared-object json/ext/parser.bundle

current directory: /Users/digas/Documents/SmartHome/HaCasa/docs/vendor/bundle/ruby/3.3.0/gems/json-2.9.1/ext/json/ext/parser
make DESTDIR\= sitearchdir\=./.gem.20260211-68482-mzdrsu sitelibdir\=./.gem.20260211-68482-mzdrsu install
/usr/bin/install -c -m 0755 parser.bundle ./.gem.20260211-68482-mzdrsu/json/ext

current directory: /Users/digas/Documents/SmartHome/HaCasa/docs/vendor/bundle/ruby/3.3.0/gems/json-2.9.1/ext/json/ext/parser
make DESTDIR\= sitearchdir\=./.gem.20260211-68482-mzdrsu sitelibdir\=./.gem.20260211-68482-mzdrsu clean
