current directory: /Users/digas/Documents/SmartHome/HaCasa/docs/vendor/bundle/ruby/4.0.0/gems/json-2.9.1/ext/json/ext/parser
/opt/homebrew/opt/ruby/bin/ruby extconf.rb
checking for rb_enc_interned_str() in ruby.h... yes
checking for rb_hash_new_capa() in ruby.h... yes
checking for rb_hash_bulk_insert() in ruby.h... yes
checking for rb_category_warn() in ruby.h... yes
checking for strnlen() in string.h... yes
checking for whether -std=c99 is accepted as CFLAGS... yes
creating Makefile

current directory: /Users/digas/Documents/SmartHome/HaCasa/docs/vendor/bundle/ruby/4.0.0/gems/json-2.9.1/ext/json/ext/parser
make -j11 DESTDIR\= sitearchdir\=./.gem.20260210-63715-3duov sitelibdir\=./.gem.20260210-63715-3duov clean

current directory: /Users/digas/Documents/SmartHome/HaCasa/docs/vendor/bundle/ruby/4.0.0/gems/json-2.9.1/ext/json/ext/parser
make -j11 DESTDIR\= sitearchdir\=./.gem.20260210-63715-3duov sitelibdir\=./.gem.20260210-63715-3duov
compiling parser.c
linking shared-object json/ext/parser.bundle
ld: warning: search path '/opt/homebrew/Cellar/openssl@3/3.6.0/lib' not found

current directory: /Users/digas/Documents/SmartHome/HaCasa/docs/vendor/bundle/ruby/4.0.0/gems/json-2.9.1/ext/json/ext/parser
make -j11 DESTDIR\= sitearchdir\=./.gem.20260210-63715-3duov sitelibdir\=./.gem.20260210-63715-3duov install
/usr/bin/install -c -m 0755 parser.bundle ./.gem.20260210-63715-3duov/json/ext

current directory: /Users/digas/Documents/SmartHome/HaCasa/docs/vendor/bundle/ruby/4.0.0/gems/json-2.9.1/ext/json/ext/parser
make DESTDIR\= sitearchdir\=./.gem.20260210-63715-3duov sitelibdir\=./.gem.20260210-63715-3duov clean
